[2026-01-13 16:36:42] [INFO] Logger initialized successfully
[2026-01-13 16:36:42] [WARNING] Using default database configuration
[2026-01-13 16:36:42] [SEVERE] Database connection test FAILED: PostgreSQL JDBC Driver not found
[2026-01-13 16:37:42] [INFO] Logger initialized successfully
[2026-01-13 16:37:42] [WARNING] Using default database configuration
[2026-01-13 16:37:42] [SEVERE] Database connection test FAILED: PostgreSQL JDBC Driver not found
[2026-01-13 16:39:03] [INFO] Logger initialized successfully
[2026-01-13 16:39:03] [WARNING] Using default database configuration
[2026-01-13 16:39:03] [FINE] New database connection established
[2026-01-13 16:39:03] [INFO] Database connection test: SUCCESS
[2026-01-13 16:39:03] [INFO] === Art School Management System ===
[2026-01-13 16:39:03] [INFO] Database connection established successfully
[2026-01-13 16:39:03] [INFO] All DAOs initialized with PostgreSQL
[2026-01-13 16:39:03] [INFO] All controllers initialized
[2026-01-13 16:39:03] [FINE] New database connection established
[2026-01-13 16:39:03] [FINE] New database connection established
[2026-01-13 16:39:03] [FINE] New database connection established
[2026-01-13 16:39:03] [FINE] New database connection established
[2026-01-13 16:39:03] [FINE] New database connection established
[2026-01-13 16:39:03] [FINE] New database connection established
[2026-01-13 16:39:03] [FINE] Found 0 students
[2026-01-13 16:39:03] [FINE] New database connection established
[2026-01-13 16:39:03] [FINE] New database connection established
[2026-01-13 16:39:03] [FINE] New database connection established
[2026-01-13 16:39:03] [FINE] New database connection established
[2026-01-13 16:39:03] [FINE] New database connection established
[2026-01-13 16:39:03] [FINE] Found 0 students
[2026-01-13 16:39:03] [FINE] New database connection established
[2026-01-13 16:39:03] [FINE] New database connection established
[2026-01-13 16:39:03] [FINE] Found 0 students
[2026-01-13 16:39:03] [FINE] New database connection established
[2026-01-13 16:39:03] [FINE] New database connection established
[2026-01-13 16:39:03] [FINE] New database connection established
[2026-01-13 16:39:03] [FINE] Found 0 students
[2026-01-13 16:39:03] [FINE] New database connection established
[2026-01-13 16:39:03] [FINE] New database connection established
[2026-01-13 16:39:03] [FINE] New database connection established
[2026-01-13 16:39:03] [FINE] New database connection established
[2026-01-13 16:39:03] [FINE] New database connection established
[2026-01-13 16:39:03] [FINE] New database connection established
[2026-01-13 16:39:03] [FINE] New database connection established
[2026-01-13 16:39:03] [FINE] New database connection established
[2026-01-13 16:39:03] [FINE] New database connection established
[2026-01-13 16:39:03] [FINE] New database connection established
[2026-01-13 16:39:03] [FINE] New database connection established
[2026-01-13 16:39:03] [FINE] Found 0 students
[2026-01-13 16:39:03] [FINE] New database connection established
[2026-01-13 16:39:03] [FINE] New database connection established
[2026-01-13 16:39:03] [FINE] New database connection established
[2026-01-13 16:39:03] [FINE] New database connection established
[2026-01-13 16:39:03] [FINE] New database connection established
[2026-01-13 16:39:03] [FINE] New database connection established
[2026-01-13 16:39:04] [INFO] Application GUI started
[2026-01-13 16:39:06] [FINE] New database connection established
[2026-01-13 16:39:06] [FINE] New database connection established
[2026-01-13 16:39:06] [FINE] New database connection established
[2026-01-13 16:39:06] [FINE] New database connection established
[2026-01-13 16:39:06] [FINE] New database connection established
[2026-01-13 16:39:07] [FINE] New database connection established
[2026-01-13 16:39:07] [FINE] Found 0 students
[2026-01-13 16:42:07] [FINE] New database connection established
[2026-01-13 16:42:07] [FINE] New database connection established
[2026-01-13 16:42:07] [INFO] Student saved: efe@gmail.com
[2026-01-13 16:42:08] [FINE] New database connection established
[2026-01-13 16:42:08] [FINE] Found 1 students
[2026-01-13 16:47:35] [INFO] Logger initialized successfully
[2026-01-13 16:47:35] [WARNING] Using default database configuration
[2026-01-13 16:47:35] [SEVERE] Database connection test FAILED: PostgreSQL JDBC Driver not found
[2026-01-13 16:49:21] [INFO] Logger initialized successfully
[2026-01-13 16:49:21] [WARNING] Using default database configuration
[2026-01-13 16:49:22] [FINE] New database connection established
[2026-01-13 16:49:22] [INFO] Database connection test: SUCCESS
[2026-01-13 16:49:22] [INFO] === Art School Management System ===
[2026-01-13 16:49:22] [INFO] Database connection established successfully
[2026-01-13 16:49:22] [INFO] All DAOs initialized with PostgreSQL
[2026-01-13 16:49:22] [INFO] All controllers initialized
[2026-01-13 16:49:22] [FINE] New database connection established
[2026-01-13 16:49:22] [FINE] New database connection established
[2026-01-13 16:49:22] [FINE] New database connection established
[2026-01-13 16:49:22] [FINE] New database connection established
[2026-01-13 16:49:22] [FINE] New database connection established
[2026-01-13 16:49:22] [FINE] New database connection established
[2026-01-13 16:49:22] [FINE] Found 1 students
[2026-01-13 16:49:22] [FINE] New database connection established
[2026-01-13 16:49:22] [FINE] New database connection established
[2026-01-13 16:49:22] [FINE] New database connection established
[2026-01-13 16:49:22] [FINE] New database connection established
[2026-01-13 16:49:22] [FINE] New database connection established
[2026-01-13 16:49:22] [FINE] Found 1 students
[2026-01-13 16:49:22] [FINE] New database connection established
[2026-01-13 16:49:22] [FINE] New database connection established
[2026-01-13 16:49:22] [FINE] Found 1 students
[2026-01-13 16:49:22] [FINE] New database connection established
[2026-01-13 16:49:22] [FINE] New database connection established
[2026-01-13 16:49:22] [FINE] New database connection established
[2026-01-13 16:49:22] [FINE] Found 1 students
[2026-01-13 16:49:22] [FINE] New database connection established
[2026-01-13 16:49:22] [FINE] New database connection established
[2026-01-13 16:49:22] [FINE] New database connection established
[2026-01-13 16:49:22] [FINE] New database connection established
[2026-01-13 16:49:22] [FINE] New database connection established
[2026-01-13 16:49:22] [FINE] New database connection established
[2026-01-13 16:49:22] [FINE] New database connection established
[2026-01-13 16:49:22] [FINE] New database connection established
[2026-01-13 16:49:22] [FINE] New database connection established
[2026-01-13 16:49:22] [FINE] New database connection established
[2026-01-13 16:49:22] [FINE] New database connection established
[2026-01-13 16:49:22] [FINE] New database connection established
[2026-01-13 16:49:22] [FINE] Found 1 students
[2026-01-13 16:49:22] [FINE] New database connection established
[2026-01-13 16:49:22] [FINE] New database connection established
[2026-01-13 16:49:22] [FINE] New database connection established
[2026-01-13 16:49:22] [FINE] New database connection established
[2026-01-13 16:49:22] [FINE] New database connection established
[2026-01-13 16:49:22] [FINE] New database connection established
[2026-01-13 16:49:22] [FINE] New database connection established
[2026-01-13 16:49:22] [INFO] Application GUI started
[2026-01-13 16:50:29] [INFO] Logger initialized successfully
[2026-01-13 16:50:29] [INFO] Database configuration loaded successfully
[2026-01-13 16:50:29] [INFO] Database URL: jdbc:postgresql://localhost:5432/DB-Project
[2026-01-13 16:50:29] [INFO] Database User: art_school_user
[2026-01-13 16:50:30] [FINE] New database connection established
[2026-01-13 16:50:30] [INFO] Database connection test: SUCCESS
[2026-01-13 16:50:30] [INFO] === Art School Management System ===
[2026-01-13 16:50:30] [INFO] Database connection established successfully
[2026-01-13 16:50:30] [INFO] All DAOs initialized with PostgreSQL
[2026-01-13 16:50:30] [INFO] All controllers initialized
[2026-01-13 16:50:30] [FINE] New database connection established
[2026-01-13 16:50:30] [FINE] New database connection established
[2026-01-13 16:50:30] [FINE] New database connection established
[2026-01-13 16:50:30] [FINE] New database connection established
[2026-01-13 16:50:30] [FINE] New database connection established
[2026-01-13 16:50:30] [FINE] New database connection established
[2026-01-13 16:50:30] [FINE] Found 1 students
[2026-01-13 16:50:30] [FINE] New database connection established
[2026-01-13 16:50:30] [FINE] New database connection established
[2026-01-13 16:50:30] [FINE] New database connection established
[2026-01-13 16:50:30] [FINE] New database connection established
[2026-01-13 16:50:30] [FINE] New database connection established
[2026-01-13 16:50:30] [FINE] Found 1 students
[2026-01-13 16:50:30] [FINE] New database connection established
[2026-01-13 16:50:30] [FINE] New database connection established
[2026-01-13 16:50:30] [FINE] Found 1 students
[2026-01-13 16:50:30] [FINE] New database connection established
[2026-01-13 16:50:30] [FINE] New database connection established
[2026-01-13 16:50:30] [FINE] New database connection established
[2026-01-13 16:50:30] [FINE] Found 1 students
[2026-01-13 16:50:30] [FINE] New database connection established
[2026-01-13 16:50:30] [FINE] New database connection established
[2026-01-13 16:50:30] [FINE] New database connection established
[2026-01-13 16:50:30] [FINE] New database connection established
[2026-01-13 16:50:30] [FINE] New database connection established
[2026-01-13 16:50:30] [FINE] New database connection established
[2026-01-13 16:50:30] [FINE] New database connection established
[2026-01-13 16:50:30] [FINE] New database connection established
[2026-01-13 16:50:30] [FINE] New database connection established
[2026-01-13 16:50:30] [FINE] New database connection established
[2026-01-13 16:50:30] [FINE] New database connection established
[2026-01-13 16:50:30] [FINE] New database connection established
[2026-01-13 16:50:30] [FINE] Found 1 students
[2026-01-13 16:50:30] [FINE] New database connection established
[2026-01-13 16:50:30] [FINE] New database connection established
[2026-01-13 16:50:30] [FINE] New database connection established
[2026-01-13 16:50:30] [FINE] New database connection established
[2026-01-13 16:50:30] [FINE] New database connection established
[2026-01-13 16:50:30] [FINE] New database connection established
[2026-01-13 16:50:30] [FINE] New database connection established
[2026-01-13 16:50:30] [INFO] Application GUI started
